20:28:52 **** Incremental Build of configuration Debug for project 003access_level ****
make -j24 all 
arm-none-eabi-size  003access_level.elf 
   text	   data	    bss	    dec	    hex	filename
   3524	    100	   1900	   5524	   1594	003access_level.elf
Finished building: default.size.stdout
 
21:25:14 **** Build of configuration Debug for project hello_world ****
make -j24 all 
arm-none-eabi-gcc -mcpu=cortex-m4 -g3 -DDEBUG -c -x assembler-with-cpp -MMD -MP -MF"Startup/startup_stm32f407vgtx.d" -MT"Startup/startup_stm32f407vgtx.o" --specs=nano.specs -mfpu=fpv4-sp-d16 -mfloat-abi=hard -mthumb -o "Startup/startup_stm32f407vgtx.o" "../Startup/startup_stm32f407vgtx.s"
arm-none-eabi-gcc "../Src/main.c" -mcpu=cortex-m4 -std=gnu11 -g3 -DDEBUG -DSTM32 -DSTM32F407G_DISC1 -DSTM32F4 -DSTM32F407VGTx -c -I../Inc -O0 -ffunction-sections -fdata-sections -Wall -fstack-usage -fcyclomatic-complexity -MMD -MP -MF"Src/main.d" -MT"Src/main.o" --specs=nano.specs -mfpu=fpv4-sp-d16 -mfloat-abi=hard -mthumb -o "Src/main.o"
arm-none-eabi-gcc "../Src/syscalls.c" -mcpu=cortex-m4 -std=gnu11 -g3 -DDEBUG -DSTM32 -DSTM32F407G_DISC1 -DSTM32F4 -DSTM32F407VGTx -c -I../Inc -O0 -ffunction-sections -fdata-sections -Wall -fstack-usage -fcyclomatic-complexity -MMD -MP -MF"Src/syscalls.d" -MT"Src/syscalls.o" --specs=nano.specs -mfpu=fpv4-sp-d16 -mfloat-abi=hard -mthumb -o "Src/syscalls.o"
arm-none-eabi-gcc "../Src/sysmem.c" -mcpu=cortex-m4 -std=gnu11 -g3 -DDEBUG -DSTM32 -DSTM32F407G_DISC1 -DSTM32F4 -DSTM32F407VGTx -c -I../Inc -O0 -ffunction-sections -fdata-sections -Wall -fstack-usage -fcyclomatic-complexity -MMD -MP -MF"Src/sysmem.d" -MT"Src/sysmem.o" --specs=nano.specs -mfpu=fpv4-sp-d16 -mfloat-abi=hard -mthumb -o "Src/sysmem.o"
../Src/main.c:22:4: warning: #warning "FPU is not initialized, but the project is compiling for an FPU. Please initialize the FPU before use." [-Wcpp]
   22 |   #warning "FPU is not initialized, but the project is compiling for an FPU. Please initialize the FPU before use."
      |    ^~~~~~~
../Src/main.c: In function 'main':
../Src/main.c:30:9: warning: implicit declaration of function 'printf' [-Wimplicit-function-declaration]
   30 |         printf("Hello world\n");
      |         ^~~~~~
../Src/main.c:20:1: note: include '<stdio.h>' or provide a declaration of 'printf'
   19 | #include <stdint.h>
  +++ |+#include <stdio.h>
   20 | 
../Src/main.c:30:9: warning: incompatible implicit declaration of built-in function 'printf' [-Wbuiltin-declaration-mismatch]
   30 |         printf("Hello world\n");
      |         ^~~~~~
../Src/main.c:30:9: note: include '<stdio.h>' or provide a declaration of 'printf'
arm-none-eabi-gcc -o "hello_world.elf" @"objects.list"   -mcpu=cortex-m4 -T"G:\STM32\ComtexM4\hello_world\STM32F407VGTX_FLASH.ld" --specs=nosys.specs -Wl,-Map="hello_world.map" -Wl,--gc-sections -static --specs=nano.specs -mfpu=fpv4-sp-d16 -mfloat-abi=hard -mthumb -Wl,--start-group -lc -lm -Wl,--end-group
Finished building target: hello_world.elf
 
arm-none-eabi-size  hello_world.elf 
arm-none-eabi-objdump -h -S hello_world.elf  > "hello_world.list"
   text	   data	    bss	    dec	    hex	filename
   3404	     92	   1900	   5396	   1514	hello_world.elf
Finished building: default.size.stdout
 
Finished building: hello_world.list
 
21:25:28 **** Incremental Build of configuration Debug for project hello_world ****
make -j24 all 
arm-none-eabi-size  hello_world.elf 
   text	   data	    bss	    dec	    hex	filename
   3404	     92	   1900	   5396	   1514	hello_world.elf
Finished building: default.size.stdout
 
21:28:12 **** Build of configuration Debug for project operation_mode ****
make -j24 all 
arm-none-eabi-gcc -mcpu=cortex-m4 -g3 -DDEBUG -c -x assembler-with-cpp -MMD -MP -MF"Startup/startup_stm32f407vgtx.d" -MT"Startup/startup_stm32f407vgtx.o" --specs=nano.specs -mfpu=fpv4-sp-d16 -mfloat-abi=hard -mthumb -o "Startup/startup_stm32f407vgtx.o" "../Startup/startup_stm32f407vgtx.s"
arm-none-eabi-gcc "../Src/main.c" -mcpu=cortex-m4 -std=gnu11 -g3 -DDEBUG -DSTM32 -DSTM32F407G_DISC1 -DSTM32F4 -DSTM32F407VGTx -c -I../Inc -O0 -ffunction-sections -fdata-sections -Wall -fstack-usage -fcyclomatic-complexity -MMD -MP -MF"Src/main.d" -MT"Src/main.o" --specs=nano.specs -mfpu=fpv4-sp-d16 -mfloat-abi=hard -mthumb -o "Src/main.o"
arm-none-eabi-gcc "../Src/syscalls.c" -mcpu=cortex-m4 -std=gnu11 -g3 -DDEBUG -DSTM32 -DSTM32F407G_DISC1 -DSTM32F4 -DSTM32F407VGTx -c -I../Inc -O0 -ffunction-sections -fdata-sections -Wall -fstack-usage -fcyclomatic-complexity -MMD -MP -MF"Src/syscalls.d" -MT"Src/syscalls.o" --specs=nano.specs -mfpu=fpv4-sp-d16 -mfloat-abi=hard -mthumb -o "Src/syscalls.o"
arm-none-eabi-gcc "../Src/sysmem.c" -mcpu=cortex-m4 -std=gnu11 -g3 -DDEBUG -DSTM32 -DSTM32F407G_DISC1 -DSTM32F4 -DSTM32F407VGTx -c -I../Inc -O0 -ffunction-sections -fdata-sections -Wall -fstack-usage -fcyclomatic-complexity -MMD -MP -MF"Src/sysmem.d" -MT"Src/sysmem.o" --specs=nano.specs -mfpu=fpv4-sp-d16 -mfloat-abi=hard -mthumb -o "Src/sysmem.o"
../Src/main.c:23:4: warning: #warning "FPU is not initialized, but the project is compiling for an FPU. Please initialize the FPU before use." [-Wcpp]
   23 |   #warning "FPU is not initialized, but the project is compiling for an FPU. Please initialize the FPU before use."
      |    ^~~~~~~
arm-none-eabi-gcc -o "operation_mode.elf" @"objects.list"   -mcpu=cortex-m4 -T"G:\STM32\ComtexM4\operation_mode\STM32F407VGTX_FLASH.ld" --specs=nosys.specs -Wl,-Map="operation_mode.map" -Wl,--gc-sections -static --specs=nano.specs -mfpu=fpv4-sp-d16 -mfloat-abi=hard -mthumb -Wl,--start-group -lc -lm -Wl,--end-group
Finished building target: operation_mode.elf
 
arm-none-eabi-size  operation_mode.elf 
arm-none-eabi-objdump -h -S operation_mode.elf  > "operation_mode.list"
   text	   data	    bss	    dec	    hex	filename
   3568	     92	   1900	   5560	   15b8	operation_mode.elf
Finished building: default.size.stdout
 
Finished building: operation_mode.list
 
21:28:18 **** Incremental Build of configuration Debug for project operation_mode ****
make -j24 all 
arm-none-eabi-size  operation_mode.elf 
   text	   data	    bss	    dec	    hex	filename
   3568	     92	   1900	   5560	   15b8	operation_mode.elf
Finished building: default.size.stdout
 
