11:08:09 **** Build of configuration Debug for project stack ****
make -j24 all 
arm-none-eabi-gcc "../Src/main.c" -mcpu=cortex-m4 -std=gnu11 -g3 -DDEBUG -DSTM32 -DSTM32F407G_DISC1 -DSTM32F4 -DSTM32F407VGTx -c -I../Inc -O0 -ffunction-sections -fdata-sections -Wall -fstack-usage -fcyclomatic-complexity -MMD -MP -MF"Src/main.d" -MT"Src/main.o" --specs=nano.specs -mfpu=fpv4-sp-d16 -mfloat-abi=hard -mthumb -o "Src/main.o"
../Src/main.c:22:4: warning: #warning "FPU is not initialized, but the project is compiling for an FPU. Please initialize the FPU before use." [-Wcpp]
   22 |   #warning "FPU is not initialized, but the project is compiling for an FPU. Please initialize the FPU before use."
      |    ^~~~~~~
../Src/main.c: In function 'main':
../Src/main.c:54:5: warning: implicit declaration of function 'printf' [-Wimplicit-function-declaration]
   54 |     printf("result = %d\n", ret);
      |     ^~~~~~
../Src/main.c:20:1: note: include '<stdio.h>' or provide a declaration of 'printf'
   19 | #include <stdint.h>
  +++ |+#include <stdio.h>
   20 | 
../Src/main.c:54:5: warning: incompatible implicit declaration of built-in function 'printf' [-Wbuiltin-declaration-mismatch]
   54 |     printf("result = %d\n", ret);
      |     ^~~~~~
../Src/main.c:54:5: note: include '<stdio.h>' or provide a declaration of 'printf'
../Src/main.c: In function 'SVC_Handler':
../Src/main.c:63:9: warning: incompatible implicit declaration of built-in function 'printf' [-Wbuiltin-declaration-mismatch]
   63 |         printf("in SVC_Handler\n");
      |         ^~~~~~
../Src/main.c:63:9: note: include '<stdio.h>' or provide a declaration of 'printf'
arm-none-eabi-gcc -o "stack.elf" @"objects.list"   -mcpu=cortex-m4 -T"G:\STM32\ComtexM4\stack\STM32F407VGTX_FLASH.ld" --specs=nosys.specs -Wl,-Map="stack.map" -Wl,--gc-sections -static --specs=nano.specs -mfpu=fpv4-sp-d16 -mfloat-abi=hard -mthumb -Wl,--start-group -lc -lm -Wl,--end-group
Finished building target: stack.elf
 
arm-none-eabi-size  stack.elf 
arm-none-eabi-objdump -h -S stack.elf  > "stack.list"
   text	   data	    bss	    dec	    hex	filename
   5168	    100	   1900	   7168	   1c00	stack.elf
Finished building: default.size.stdout
 
Finished building: stack.list
 

11:08:10 Build Finished. 0 errors, 4 warnings. (took 1s.56ms)

