09:26:10 **** Incremental Build of configuration Debug for project svc_number ****
make -j24 all 
arm-none-eabi-gcc "../Src/main.c" -mcpu=cortex-m4 -std=gnu11 -g3 -DDEBUG -DSTM32 -DSTM32F407G_DISC1 -DSTM32F4 -DSTM32F407VGTx -c -I../Inc -O0 -ffunction-sections -fdata-sections -Wall -fstack-usage -fcyclomatic-complexity -MMD -MP -MF"Src/main.d" -MT"Src/main.o" --specs=nano.specs -mfpu=fpv4-sp-d16 -mfloat-abi=hard -mthumb -o "Src/main.o"
../Src/main.c:22:4: warning: #warning "FPU is not initialized, but the project is compiling for an FPU. Please initialize the FPU before use." [-Wcpp]
   22 |   #warning "FPU is not initialized, but the project is compiling for an FPU. Please initialize the FPU before use."
      |    ^~~~~~~
arm-none-eabi-gcc -o "svc_number.elf" @"objects.list"   -mcpu=cortex-m4 -T"G:\STM32\ComtexM4\svc_number\STM32F407VGTX_FLASH.ld" --specs=nosys.specs -Wl,-Map="svc_number.map" -Wl,--gc-sections -static --specs=nano.specs -mfpu=fpv4-sp-d16 -mfloat-abi=hard -mthumb -Wl,--start-group -lc -lm -Wl,--end-group
Finished building target: svc_number.elf
 
arm-none-eabi-size  svc_number.elf 
arm-none-eabi-objdump -h -S svc_number.elf  > "svc_number.list"
   text	   data	    bss	    dec	    hex	filename
   5144	     92	   1900	   7136	   1be0	svc_number.elf
Finished building: default.size.stdout
 
Finished building: svc_number.list
 

09:26:11 Build Finished. 0 errors, 1 warnings. (took 853ms)

