10:33:22 **** Incremental Build of configuration Debug for project svc_operation ****
make -j24 all 
arm-none-eabi-gcc "../Src/main.c" -mcpu=cortex-m4 -std=gnu11 -g3 -DDEBUG -DSTM32 -DSTM32F407G_DISC1 -DSTM32F4 -DSTM32F407VGTx -c -I../Inc -O0 -ffunction-sections -fdata-sections -Wall -fstack-usage -fcyclomatic-complexity -MMD -MP -MF"Src/main.d" -MT"Src/main.o" --specs=nano.specs -mfpu=fpv4-sp-d16 -mfloat-abi=hard -mthumb -o "Src/main.o"
../Src/main.c:22:4: warning: #warning "FPU is not initialized, but the project is compiling for an FPU. Please initialize the FPU before use." [-Wcpp]
   22 |   #warning "FPU is not initialized, but the project is compiling for an FPU. Please initialize the FPU before use."
      |    ^~~~~~~
../Src/main.c: In function 'main':
../Src/main.c:44:18: warning: format '%d' expects argument of type 'int', but argument 2 has type 'int32_t' {aka 'long int'} [-Wformat=]
   44 |         printf("%d add %d res : %d \n",x , y, res);
      |                 ~^                     ~
      |                  |                     |
      |                  int                   int32_t {aka long int}
      |                 %ld
../Src/main.c:44:25: warning: format '%d' expects argument of type 'int', but argument 3 has type 'int32_t' {aka 'long int'} [-Wformat=]
   44 |         printf("%d add %d res : %d \n",x , y, res);
      |                        ~^                  ~
      |                         |                  |
      |                         int                int32_t {aka long int}
      |                        %ld
../Src/main.c:44:34: warning: format '%d' expects argument of type 'int', but argument 4 has type 'int32_t' {aka 'long int'} [-Wformat=]
   44 |         printf("%d add %d res : %d \n",x , y, res);
      |                                 ~^            ~~~
      |                                  |            |
      |                                  int          int32_t {aka long int}
      |                                 %ld
../Src/main.c:47:18: warning: format '%d' expects argument of type 'int', but argument 2 has type 'int32_t' {aka 'long int'} [-Wformat=]
   47 |         printf("%d sub %d res : %d \n",x , y, res);
      |                 ~^                     ~
      |                  |                     |
      |                  int                   int32_t {aka long int}
      |                 %ld
../Src/main.c:47:25: warning: format '%d' expects argument of type 'int', but argument 3 has type 'int32_t' {aka 'long int'} [-Wformat=]
   47 |         printf("%d sub %d res : %d \n",x , y, res);
      |                        ~^                  ~
      |                         |                  |
      |                         int                int32_t {aka long int}
      |                        %ld
../Src/main.c:47:34: warning: format '%d' expects argument of type 'int', but argument 4 has type 'int32_t' {aka 'long int'} [-Wformat=]
   47 |         printf("%d sub %d res : %d \n",x , y, res);
      |                                 ~^            ~~~
      |                                  |            |
      |                                  int          int32_t {aka long int}
      |                                 %ld
../Src/main.c:50:18: warning: format '%d' expects argument of type 'int', but argument 2 has type 'int32_t' {aka 'long int'} [-Wformat=]
   50 |         printf("%d mul %d res : %d \n",x , y, res);
      |                 ~^                     ~
      |                  |                     |
      |                  int                   int32_t {aka long int}
      |                 %ld
../Src/main.c:50:25: warning: format '%d' expects argument of type 'int', but argument 3 has type 'int32_t' {aka 'long int'} [-Wformat=]
   50 |         printf("%d mul %d res : %d \n",x , y, res);
      |                        ~^                  ~
      |                         |                  |
      |                         int                int32_t {aka long int}
      |                        %ld
../Src/main.c:50:34: warning: format '%d' expects argument of type 'int', but argument 4 has type 'int32_t' {aka 'long int'} [-Wformat=]
   50 |         printf("%d mul %d res : %d \n",x , y, res);
      |                                 ~^            ~~~
      |                                  |            |
      |                                  int          int32_t {aka long int}
      |                                 %ld
../Src/main.c:53:18: warning: format '%d' expects argument of type 'int', but argument 2 has type 'int32_t' {aka 'long int'} [-Wformat=]
   53 |         printf("%d div %d res : %d \n",x , y, res);
      |                 ~^                     ~
      |                  |                     |
      |                  int                   int32_t {aka long int}
      |                 %ld
../Src/main.c:53:25: warning: format '%d' expects argument of type 'int', but argument 3 has type 'int32_t' {aka 'long int'} [-Wformat=]
   53 |         printf("%d div %d res : %d \n",x , y, res);
      |                        ~^                  ~
      |                         |                  |
      |                         int                int32_t {aka long int}
      |                        %ld
../Src/main.c:53:34: warning: format '%d' expects argument of type 'int', but argument 4 has type 'int32_t' {aka 'long int'} [-Wformat=]
   53 |         printf("%d div %d res : %d \n",x , y, res);
      |                                 ~^            ~~~
      |                                  |            |
      |                                  int          int32_t {aka long int}
      |                                 %ld
arm-none-eabi-gcc -o "svc_operation.elf" @"objects.list"   -mcpu=cortex-m4 -T"G:\STM32\ComtexM4\svc_operation\STM32F407VGTX_FLASH.ld" --specs=nosys.specs -Wl,-Map="svc_operation.map" -Wl,--gc-sections -static --specs=nano.specs -mfpu=fpv4-sp-d16 -mfloat-abi=hard -mthumb -Wl,--start-group -lc -lm -Wl,--end-group
Finished building target: svc_operation.elf
 
arm-none-eabi-size  svc_operation.elf 
arm-none-eabi-objdump -h -S svc_operation.elf  > "svc_operation.list"
   text	   data	    bss	    dec	    hex	filename
   5604	     92	   1900	   7596	   1dac	svc_operation.elf
Finished building: default.size.stdout
 
Finished building: svc_operation.list
 

10:33:22 Build Finished. 0 errors, 13 warnings. (took 338ms)

